// Jest Snapshot v1, https://goo.gl/fbAQLP

exports[`<ContainerWithMessage /> match snapshot 1`] = `
<div
  className="Container-sc-11nt41q-0 hnURqu"
>
  <div
    className="Text-sc-11nt41q-1 hKYipo"
  >
    
  </div>
</div>
`;
