// Jest Snapshot v1, https://goo.gl/fbAQLP

exports[`<NavigationItems /> match snapshot 1`] = `
<div
  className="Wrapper-sc-3didjk-0 ghaWSH"
>
  <div
    className="Item-sc-14w5znm-0 SlJzJ"
  >
    <span
      className="Text-sc-14w5znm-1 jGVkFb"
      onClick={[Function]}
      onMouseEnter={[Function]}
    >
      TOP_NEWS
    </span>
  </div>
  <div
    className="Item-sc-14w5znm-0 SlJzJ"
  >
    <span
      className="Text-sc-14w5znm-1 jGVkFb"
      onClick={[Function]}
      onMouseEnter={[Function]}
    >
      CATEGORIES
    </span>
  </div>
  <div
    className="Item-sc-14w5znm-0 SlJzJ"
  >
    <span
      className="Text-sc-14w5znm-1 jGVkFb"
      onClick={[Function]}
      onMouseEnter={[Function]}
    >
      SEARCH
    </span>
  </div>
</div>
`;
